[INFO] Scanning for projects...
[INFO] 
[INFO] ------------------------< com.rinaorc:ZombieZ >-------------------------
[INFO] Building ZombieZ 1.0.0-SNAPSHOT
[INFO]   from pom.xml
[INFO] --------------------------------[ jar ]---------------------------------
[INFO] 
[INFO] --- resources:3.3.1:resources (default-resources) @ ZombieZ ---
[INFO] Copying 12 resources from src\main\resources to target\classes
[INFO] 
[INFO] --- compiler:3.13.0:compile (default-compile) @ ZombieZ ---
[WARNING]  Parameter 'forceJavacCompilerUse' (user property 'maven.compiler.forceJavacCompilerUse') is deprecated: Use forceLegacyJavacApi instead
[INFO] Recompiling the module because of changed source code.
[INFO] Compiling 204 source files with javac [debug release 21] to target\classes
[INFO] -------------------------------------------------------------
[WARNING] COMPILATION WARNING : 
[INFO] -------------------------------------------------------------
[WARNING] C:\Users\xdred\Documents\Git-ZombieZ\ZombieZ\src\main\java\com\rinaorc\zombiez\items\power\Power.java:[155,25] [dep-ann] deprecated item is not annotated with @Deprecated
[WARNING] C:\Users\xdred\Documents\Git-ZombieZ\ZombieZ\src\main\java\com\rinaorc\zombiez\items\power\Power.java:[209,24] [dep-ann] deprecated item is not annotated with @Deprecated
[WARNING] C:\Users\xdred\Documents\Git-ZombieZ\ZombieZ\src\main\java\com\rinaorc\zombiez\items\power\Power.java:[242,27] [dep-ann] deprecated item is not annotated with @Deprecated
[WARNING] C:\Users\xdred\Documents\Git-ZombieZ\ZombieZ\src\main\java\com\rinaorc\zombiez\utils\ItemBuilder.java:[228,45] [removal] name() in OldEnum has been deprecated and marked for removal
[INFO] 4 warnings 
[INFO] -------------------------------------------------------------
[INFO] -------------------------------------------------------------
[ERROR] COMPILATION ERROR : 
[INFO] -------------------------------------------------------------
[ERROR] C:\Users\xdred\Documents\Git-ZombieZ\ZombieZ\src\main\java\com\rinaorc\zombiez\pets\abilities\impl\PassiveAbilities.java:[1056] error: duplicate class: com.rinaorc.zombiez.pets.abilities.impl.PowerSlowPassive
[ERROR] C:\Users\xdred\Documents\Git-ZombieZ\ZombieZ\src\main\java\com\rinaorc\zombiez\zones\Zone.java:[198,22] error: cannot find symbol
  symbol:   class ZoneBuilder
  location: class Zone
[ERROR] C:\Users\xdred\Documents\Git-ZombieZ\ZombieZ\src\main\java\com\rinaorc\zombiez\ZombieZPlugin.java:[286,49] error: cannot find symbol
  symbol:   method getPowersConfig()
  location: variable configManager of type ConfigManager
[ERROR] C:\Users\xdred\Documents\Git-ZombieZ\ZombieZ\src\main\java\com\rinaorc\zombiez\ZombieZPlugin.java:[370,52] error: cannot find symbol
  symbol:   method getEventsConfig()
  location: variable configManager of type ConfigManager
[ERROR] C:\Users\xdred\Documents\Git-ZombieZ\ZombieZ\src\main\java\com\rinaorc\zombiez\ZombieZPlugin.java:[484,28] error: cannot find symbol
  symbol:   method getMutationManager()
  location: variable classManager of type ClassManager
[ERROR] C:\Users\xdred\Documents\Git-ZombieZ\ZombieZ\src\main\java\com\rinaorc\zombiez\managers\ZoneManager.java:[111,41] error: cannot find symbol
  symbol:   method getConfigManager()
  location: variable plugin of type ZombieZPlugin
[ERROR] C:\Users\xdred\Documents\Git-ZombieZ\ZombieZ\src\main\java\com\rinaorc\zombiez\managers\ZoneManager.java:[151,24] error: cannot find symbol
  symbol:   method builder()
  location: class Zone
[ERROR] C:\Users\xdred\Documents\Git-ZombieZ\ZombieZ\src\main\java\com\rinaorc\zombiez\managers\ZoneManager.java:[189,26] error: cannot find symbol
  symbol:   method getId()
  location: variable zone of type Zone
[ERROR] C:\Users\xdred\Documents\Git-ZombieZ\ZombieZ\src\main\java\com\rinaorc\zombiez\managers\ZoneManager.java:[190,28] error: cannot find symbol
  symbol:   method getName()
  location: variable zone of type Zone
[ERROR] C:\Users\xdred\Documents\Git-ZombieZ\ZombieZ\src\main\java\com\rinaorc\zombiez\managers\ZoneManager.java:[191,25] error: cannot find symbol
  symbol:   method getMinZ()
  location: variable zone of type Zone
[ERROR] C:\Users\xdred\Documents\Git-ZombieZ\ZombieZ\src\main\java\com\rinaorc\zombiez\managers\ZoneManager.java:[193,16] error: cannot find symbol
  symbol:   method isSafeZone()
  location: variable zone of type Zone
[ERROR] C:\Users\xdred\Documents\Git-ZombieZ\ZombieZ\src\main\java\com\rinaorc\zombiez\managers\ZoneManager.java:[193,37] error: cannot find symbol
  symbol:   method getId()
  location: variable zone of type Zone
[ERROR] C:\Users\xdred\Documents\Git-ZombieZ\ZombieZ\src\main\java\com\rinaorc\zombiez\managers\ZoneManager.java:[303,16] error: cannot find symbol
  symbol:   class ZoneBuilder
  location: class Zone
[ERROR] C:\Users\xdred\Documents\Git-ZombieZ\ZombieZ\src\main\java\com\rinaorc\zombiez\managers\ZoneManager.java:[460,59] error: cannot find symbol
  symbol:   method getId()
  location: variable newZone of type Zone
[ERROR] C:\Users\xdred\Documents\Git-ZombieZ\ZombieZ\src\main\java\com\rinaorc\zombiez\managers\ZoneManager.java:[465,45] error: cannot find symbol
  symbol:   method getId()
  location: variable newZone of type Zone
[ERROR] C:\Users\xdred\Documents\Git-ZombieZ\ZombieZ\src\main\java\com\rinaorc\zombiez\managers\ZoneManager.java:[468,36] error: cannot find symbol
  symbol:   method getPlayerDataManager()
  location: variable plugin of type ZombieZPlugin
[ERROR] C:\Users\xdred\Documents\Git-ZombieZ\ZombieZ\src\main\java\com\rinaorc\zombiez\managers\ZoneManager.java:[470,59] error: cannot find symbol
  symbol:   method getId()
  location: variable newZone of type Zone
[ERROR] C:\Users\xdred\Documents\Git-ZombieZ\ZombieZ\src\main\java\com\rinaorc\zombiez\managers\ZoneManager.java:[471,20] error: cannot find symbol
  symbol:   method setCachedZone(Zone)
  location: variable data of type PlayerData
[ERROR] C:\Users\xdred\Documents\Git-ZombieZ\ZombieZ\src\main\java\com\rinaorc\zombiez\managers\ZoneManager.java:[492,54] error: cannot find symbol
  symbol:   method getId()
  location: variable zone of type Zone
[ERROR] C:\Users\xdred\Documents\Git-ZombieZ\ZombieZ\src\main\java\com\rinaorc\zombiez\managers\ZoneManager.java:[532,44] error: invalid method reference
  cannot find symbol
    symbol:   method getId()
    location: class Zone
[ERROR] C:\Users\xdred\Documents\Git-ZombieZ\ZombieZ\src\main\java\com\rinaorc\zombiez\managers\ZoneManager.java:[566,40] error: cannot find symbol
  symbol:   method getId()
  location: variable zone of type Zone
[ERROR] C:\Users\xdred\Documents\Git-ZombieZ\ZombieZ\src\main\java\com\rinaorc\zombiez\managers\ZoneManager.java:[581,40] error: cannot find symbol
  symbol:   method getId()
  location: variable currentZone of type Zone
[ERROR] C:\Users\xdred\Documents\Git-ZombieZ\ZombieZ\src\main\java\com\rinaorc\zombiez\managers\ZoneManager.java:[588,23] error: cannot find symbol
  symbol:   method getId()
  location: variable currentZone of type Zone
[ERROR] C:\Users\xdred\Documents\Git-ZombieZ\ZombieZ\src\main\java\com\rinaorc\zombiez\managers\ZoneManager.java:[589,40] error: cannot find symbol
  symbol:   method getId()
  location: variable currentZone of type Zone
[ERROR] C:\Users\xdred\Documents\Git-ZombieZ\ZombieZ\src\main\java\com\rinaorc\zombiez\managers\PlayerDataManager.java:[59,24] error: cannot find symbol
  symbol:   method getDatabaseManager()
  location: variable plugin of type ZombieZPlugin
[ERROR] C:\Users\xdred\Documents\Git-ZombieZ\ZombieZ\src\main\java\com\rinaorc\zombiez\managers\PlayerDataManager.java:[96,18] error: cannot find symbol
  symbol:   method setName(String)
  location: variable cached of type PlayerData
[ERROR] C:\Users\xdred\Documents\Git-ZombieZ\ZombieZ\src\main\java\com\rinaorc\zombiez\managers\PlayerDataManager.java:[106,18] error: cannot find symbol
  symbol:   method setName(String)
  location: variable recent of type PlayerData
[ERROR] C:\Users\xdred\Documents\Git-ZombieZ\ZombieZ\src\main\java\com\rinaorc\zombiez\managers\PlayerDataManager.java:[186,12] error: cannot find symbol
  symbol:   method setName(String)
  location: variable data of type PlayerData
[ERROR] C:\Users\xdred\Documents\Git-ZombieZ\ZombieZ\src\main\java\com\rinaorc\zombiez\managers\PlayerDataManager.java:[187,12] error: cannot find symbol
  symbol:   method getLevel()
  location: variable data of type PlayerData
[ERROR] C:\Users\xdred\Documents\Git-ZombieZ\ZombieZ\src\main\java\com\rinaorc\zombiez\managers\PlayerDataManager.java:[188,12] error: cannot find symbol
  symbol:   method getXp()
  location: variable data of type PlayerData
[ERROR] C:\Users\xdred\Documents\Git-ZombieZ\ZombieZ\src\main\java\com\rinaorc\zombiez\managers\PlayerDataManager.java:[189,12] error: cannot find symbol
  symbol:   method getPrestige()
  location: variable data of type PlayerData
[ERROR] C:\Users\xdred\Documents\Git-ZombieZ\ZombieZ\src\main\java\com\rinaorc\zombiez\managers\PlayerDataManager.java:[190,12] error: cannot find symbol
  symbol:   method getPoints()
  location: variable data of type PlayerData
[ERROR] C:\Users\xdred\Documents\Git-ZombieZ\ZombieZ\src\main\java\com\rinaorc\zombiez\managers\PlayerDataManager.java:[191,12] error: cannot find symbol
  symbol:   method getGems()
  location: variable data of type PlayerData
[ERROR] C:\Users\xdred\Documents\Git-ZombieZ\ZombieZ\src\main\java\com\rinaorc\zombiez\managers\PlayerDataManager.java:[192,12] error: cannot find symbol
  symbol:   method getKills()
  location: variable data of type PlayerData
[ERROR] C:\Users\xdred\Documents\Git-ZombieZ\ZombieZ\src\main\java\com\rinaorc\zombiez\managers\PlayerDataManager.java:[193,12] error: cannot find symbol
  symbol:   method getDeaths()
  location: variable data of type PlayerData
[ERROR] C:\Users\xdred\Documents\Git-ZombieZ\ZombieZ\src\main\java\com\rinaorc\zombiez\managers\PlayerDataManager.java:[194,12] error: cannot find symbol
  symbol:   method getPlaytime()
  location: variable data of type PlayerData
[ERROR] C:\Users\xdred\Documents\Git-ZombieZ\ZombieZ\src\main\java\com\rinaorc\zombiez\managers\PlayerDataManager.java:[195,12] error: cannot find symbol
  symbol:   method getCurrentZone()
  location: variable data of type PlayerData
[ERROR] C:\Users\xdred\Documents\Git-ZombieZ\ZombieZ\src\main\java\com\rinaorc\zombiez\managers\PlayerDataManager.java:[196,12] error: cannot find symbol
  symbol:   method getMaxZone()
  location: variable data of type PlayerData
[ERROR] C:\Users\xdred\Documents\Git-ZombieZ\ZombieZ\src\main\java\com\rinaorc\zombiez\managers\PlayerDataManager.java:[197,12] error: cannot find symbol
  symbol:   method getCurrentCheckpoint()
  location: variable data of type PlayerData
[ERROR] C:\Users\xdred\Documents\Git-ZombieZ\ZombieZ\src\main\java\com\rinaorc\zombiez\managers\PlayerDataManager.java:[198,12] error: cannot find symbol
  symbol:   method setVipRank(String)
  location: variable data of type PlayerData
[ERROR] C:\Users\xdred\Documents\Git-ZombieZ\ZombieZ\src\main\java\com\rinaorc\zombiez\managers\PlayerDataManager.java:[202,16] error: cannot find symbol
  symbol:   method setVipExpiry(Instant)
  location: variable data of type PlayerData
[ERROR] C:\Users\xdred\Documents\Git-ZombieZ\ZombieZ\src\main\java\com\rinaorc\zombiez\managers\PlayerDataManager.java:[207,16] error: cannot find symbol
  symbol:   method setFirstJoin(Instant)
  location: variable data of type PlayerData
[ERROR] C:\Users\xdred\Documents\Git-ZombieZ\ZombieZ\src\main\java\com\rinaorc\zombiez\managers\PlayerDataManager.java:[210,12] error: cannot find symbol
  symbol:   method setLastLogin(Instant)
  location: variable data of type PlayerData
[ERROR] C:\Users\xdred\Documents\Git-ZombieZ\ZombieZ\src\main\java\com\rinaorc\zombiez\managers\PlayerDataManager.java:[229,34] error: cannot find symbol
  symbol:   method getUuid()
  location: variable data of type PlayerData
[ERROR] C:\Users\xdred\Documents\Git-ZombieZ\ZombieZ\src\main\java\com\rinaorc\zombiez\managers\PlayerDataManager.java:[230,34] error: cannot find symbol
  symbol:   method getName()
  location: variable data of type PlayerData
[ERROR] C:\Users\xdred\Documents\Git-ZombieZ\ZombieZ\src\main\java\com\rinaorc\zombiez\managers\PlayerDataManager.java:[231,31] error: cannot find symbol
  symbol:   method getLevel()
  location: variable data of type PlayerData
[ERROR] C:\Users\xdred\Documents\Git-ZombieZ\ZombieZ\src\main\java\com\rinaorc\zombiez\managers\PlayerDataManager.java:[232,32] error: cannot find symbol
  symbol:   method getXp()
  location: variable data of type PlayerData
[ERROR] C:\Users\xdred\Documents\Git-ZombieZ\ZombieZ\src\main\java\com\rinaorc\zombiez\managers\PlayerDataManager.java:[233,31] error: cannot find symbol
  symbol:   method getPrestige()
  location: variable data of type PlayerData
[ERROR] C:\Users\xdred\Documents\Git-ZombieZ\ZombieZ\src\main\java\com\rinaorc\zombiez\managers\PlayerDataManager.java:[234,32] error: cannot find symbol
  symbol:   method getPoints()
  location: variable data of type PlayerData
[ERROR] C:\Users\xdred\Documents\Git-ZombieZ\ZombieZ\src\main\java\com\rinaorc\zombiez\managers\PlayerDataManager.java:[235,31] error: cannot find symbol
  symbol:   method getGems()
  location: variable data of type PlayerData
[ERROR] C:\Users\xdred\Documents\Git-ZombieZ\ZombieZ\src\main\java\com\rinaorc\zombiez\managers\PlayerDataManager.java:[236,32] error: cannot find symbol
  symbol:   method getKills()
  location: variable data of type PlayerData
[ERROR] C:\Users\xdred\Documents\Git-ZombieZ\ZombieZ\src\main\java\com\rinaorc\zombiez\managers\PlayerDataManager.java:[237,32] error: cannot find symbol
  symbol:   method getDeaths()
  location: variable data of type PlayerData
[ERROR] C:\Users\xdred\Documents\Git-ZombieZ\ZombieZ\src\main\java\com\rinaorc\zombiez\managers\PlayerDataManager.java:[238,33] error: cannot find symbol
  symbol:   method getPlaytime()
  location: variable data of type PlayerData
[ERROR] C:\Users\xdred\Documents\Git-ZombieZ\ZombieZ\src\main\java\com\rinaorc\zombiez\managers\PlayerDataManager.java:[239,32] error: cannot find symbol
  symbol:   method getCurrentZone()
  location: variable data of type PlayerData
[ERROR] C:\Users\xdred\Documents\Git-ZombieZ\ZombieZ\src\main\java\com\rinaorc\zombiez\managers\PlayerDataManager.java:[240,32] error: cannot find symbol
  symbol:   method getMaxZone()
  location: variable data of type PlayerData
[ERROR] C:\Users\xdred\Documents\Git-ZombieZ\ZombieZ\src\main\java\com\rinaorc\zombiez\managers\PlayerDataManager.java:[241,32] error: cannot find symbol
  symbol:   method getCurrentCheckpoint()
  location: variable data of type PlayerData
[ERROR] C:\Users\xdred\Documents\Git-ZombieZ\ZombieZ\src\main\java\com\rinaorc\zombiez\managers\PlayerDataManager.java:[242,35] error: cannot find symbol
  symbol:   method getVipRank()
  location: variable data of type PlayerData
[ERROR] C:\Users\xdred\Documents\Git-ZombieZ\ZombieZ\src\main\java\com\rinaorc\zombiez\managers\PlayerDataManager.java:[243,53] error: cannot find symbol
  symbol:   method getFirstJoin()
  location: variable data of type PlayerData
[ERROR] C:\Users\xdred\Documents\Git-ZombieZ\ZombieZ\src\main\java\com\rinaorc\zombiez\managers\PlayerDataManager.java:[249,65] error: cannot find symbol
  symbol:   method getName()
  location: variable data of type PlayerData
[ERROR] C:\Users\xdred\Documents\Git-ZombieZ\ZombieZ\src\main\java\com\rinaorc\zombiez\managers\PlayerDataManager.java:[310,24] error: cannot find symbol
  symbol:   method getUuid()
  location: variable data of type PlayerData
[ERROR] C:\Users\xdred\Documents\Git-ZombieZ\ZombieZ\src\main\java\com\rinaorc\zombiez\managers\PlayerDataManager.java:[353,38] error: cannot find symbol
  symbol:   method getName()
  location: variable data of type PlayerData
[ERROR] C:\Users\xdred\Documents\Git-ZombieZ\ZombieZ\src\main\java\com\rinaorc\zombiez\managers\PlayerDataManager.java:[354,35] error: cannot find symbol
  symbol:   method getLevel()
  location: variable data of type PlayerData
[ERROR] C:\Users\xdred\Documents\Git-ZombieZ\ZombieZ\src\main\java\com\rinaorc\zombiez\managers\PlayerDataManager.java:[355,36] error: cannot find symbol
  symbol:   method getXp()
  location: variable data of type PlayerData
[ERROR] C:\Users\xdred\Documents\Git-ZombieZ\ZombieZ\src\main\java\com\rinaorc\zombiez\managers\PlayerDataManager.java:[356,35] error: cannot find symbol
  symbol:   method getPrestige()
  location: variable data of type PlayerData
[ERROR] C:\Users\xdred\Documents\Git-ZombieZ\ZombieZ\src\main\java\com\rinaorc\zombiez\managers\PlayerDataManager.java:[357,36] error: cannot find symbol
  symbol:   method getPoints()
  location: variable data of type PlayerData
[ERROR] C:\Users\xdred\Documents\Git-ZombieZ\ZombieZ\src\main\java\com\rinaorc\zombiez\managers\PlayerDataManager.java:[358,35] error: cannot find symbol
  symbol:   method getGems()
  location: variable data of type PlayerData
[ERROR] C:\Users\xdred\Documents\Git-ZombieZ\ZombieZ\src\main\java\com\rinaorc\zombiez\managers\PlayerDataManager.java:[359,36] error: cannot find symbol
  symbol:   method getKills()
  location: variable data of type PlayerData
[ERROR] C:\Users\xdred\Documents\Git-ZombieZ\ZombieZ\src\main\java\com\rinaorc\zombiez\managers\PlayerDataManager.java:[360,36] error: cannot find symbol
  symbol:   method getDeaths()
  location: variable data of type PlayerData
[ERROR] C:\Users\xdred\Documents\Git-ZombieZ\ZombieZ\src\main\java\com\rinaorc\zombiez\managers\PlayerDataManager.java:[361,36] error: cannot find symbol
  symbol:   method getPlaytime()
  location: variable data of type PlayerData
[ERROR] C:\Users\xdred\Documents\Git-ZombieZ\ZombieZ\src\main\java\com\rinaorc\zombiez\managers\PlayerDataManager.java:[362,36] error: cannot find symbol
  symbol:   method getCurrentZone()
  location: variable data of type PlayerData
[ERROR] C:\Users\xdred\Documents\Git-ZombieZ\ZombieZ\src\main\java\com\rinaorc\zombiez\managers\PlayerDataManager.java:[363,36] error: cannot find symbol
  symbol:   method getMaxZone()
  location: variable data of type PlayerData
[ERROR] C:\Users\xdred\Documents\Git-ZombieZ\ZombieZ\src\main\java\com\rinaorc\zombiez\managers\PlayerDataManager.java:[364,36] error: cannot find symbol
  symbol:   method getCurrentCheckpoint()
  location: variable data of type PlayerData
[ERROR] C:\Users\xdred\Documents\Git-ZombieZ\ZombieZ\src\main\java\com\rinaorc\zombiez\managers\PlayerDataManager.java:[365,39] error: cannot find symbol
  symbol:   method getVipRank()
  location: variable data of type PlayerData
[ERROR] C:\Users\xdred\Documents\Git-ZombieZ\ZombieZ\src\main\java\com\rinaorc\zombiez\managers\PlayerDataManager.java:[366,42] error: cannot find symbol
  symbol:   method getVipExpiry()
  location: variable data of type PlayerData
[ERROR] C:\Users\xdred\Documents\Git-ZombieZ\ZombieZ\src\main\java\com\rinaorc\zombiez\managers\PlayerDataManager.java:[367,39] error: cannot find symbol
  symbol:   method getVipExpiry()
  location: variable data of type PlayerData
[ERROR] C:\Users\xdred\Documents\Git-ZombieZ\ZombieZ\src\main\java\com\rinaorc\zombiez\managers\PlayerDataManager.java:[368,42] error: cannot find symbol
  symbol:   method getLastLogin()
  location: variable data of type PlayerData
[ERROR] C:\Users\xdred\Documents\Git-ZombieZ\ZombieZ\src\main\java\com\rinaorc\zombiez\managers\PlayerDataManager.java:[369,39] error: cannot find symbol
  symbol:   method getLastLogin()
  location: variable data of type PlayerData
[ERROR] C:\Users\xdred\Documents\Git-ZombieZ\ZombieZ\src\main\java\com\rinaorc\zombiez\managers\PlayerDataManager.java:[370,42] error: cannot find symbol
  symbol:   method getLastLogout()
  location: variable data of type PlayerData
[ERROR] C:\Users\xdred\Documents\Git-ZombieZ\ZombieZ\src\main\java\com\rinaorc\zombiez\managers\PlayerDataManager.java:[371,39] error: cannot find symbol
  symbol:   method getLastLogout()
  location: variable data of type PlayerData
[ERROR] C:\Users\xdred\Documents\Git-ZombieZ\ZombieZ\src\main\java\com\rinaorc\zombiez\managers\PlayerDataManager.java:[372,39] error: cannot find symbol
  symbol:   method getUuid()
  location: variable data of type PlayerData
[ERROR] C:\Users\xdred\Documents\Git-ZombieZ\ZombieZ\src\main\java\com\rinaorc\zombiez\managers\PlayerDataManager.java:[377,73] error: cannot find symbol
  symbol:   method getUuid()
  location: variable data of type PlayerData
[ERROR] C:\Users\xdred\Documents\Git-ZombieZ\ZombieZ\src\main\java\com\rinaorc\zombiez\managers\PlayerDataManager.java:[417,22] error: cannot find symbol
  symbol:   method getConfigManager()
  location: variable plugin of type ZombieZPlugin
[ERROR] C:\Users\xdred\Documents\Git-ZombieZ\ZombieZ\src\main\java\com\rinaorc\zombiez\managers\EconomyManager.java:[38,27] error: cannot find symbol
  symbol:   method getConfigManager()
  location: variable plugin of type ZombieZPlugin
[ERROR] C:\Users\xdred\Documents\Git-ZombieZ\ZombieZ\src\main\java\com\rinaorc\zombiez\managers\EconomyManager.java:[52,32] error: cannot find symbol
  symbol:   method getPlayerDataManager()
  location: variable plugin of type ZombieZPlugin
[ERROR] C:\Users\xdred\Documents\Git-ZombieZ\ZombieZ\src\main\java\com\rinaorc\zombiez\managers\EconomyManager.java:[59,25] error: cannot find symbol
  symbol:   method getZoneManager()
  location: variable plugin of type ZombieZPlugin
[ERROR] C:\Users\xdred\Documents\Git-ZombieZ\ZombieZ\src\main\java\com\rinaorc\zombiez\managers\EconomyManager.java:[78,32] error: cannot find symbol
  symbol:   method getPlayerDataManager()
  location: variable plugin of type ZombieZPlugin
[ERROR] C:\Users\xdred\Documents\Git-ZombieZ\ZombieZ\src\main\java\com\rinaorc\zombiez\managers\EconomyManager.java:[94,32] error: cannot find symbol
  symbol:   method getPlayerDataManager()
  location: variable plugin of type ZombieZPlugin
[ERROR] C:\Users\xdred\Documents\Git-ZombieZ\ZombieZ\src\main\java\com\rinaorc\zombiez\managers\EconomyManager.java:[102,32] error: cannot find symbol
  symbol:   method getPlayerDataManager()
  location: variable plugin of type ZombieZPlugin
[ERROR] C:\Users\xdred\Documents\Git-ZombieZ\ZombieZ\src\main\java\com\rinaorc\zombiez\managers\EconomyManager.java:[103,34] error: cannot find symbol
  symbol:   method getPoints()
  location: variable data of type PlayerData
[ERROR] C:\Users\xdred\Documents\Git-ZombieZ\ZombieZ\src\main\java\com\rinaorc\zombiez\managers\EconomyManager.java:[112,32] error: cannot find symbol
  symbol:   method getPlayerDataManager()
  location: variable plugin of type ZombieZPlugin
[ERROR] C:\Users\xdred\Documents\Git-ZombieZ\ZombieZ\src\main\java\com\rinaorc\zombiez\managers\EconomyManager.java:[127,32] error: cannot find symbol
  symbol:   method getPlayerDataManager()
  location: variable plugin of type ZombieZPlugin
[ERROR] C:\Users\xdred\Documents\Git-ZombieZ\ZombieZ\src\main\java\com\rinaorc\zombiez\managers\EconomyManager.java:[143,32] error: cannot find symbol
  symbol:   method getPlayerDataManager()
  location: variable plugin of type ZombieZPlugin
[ERROR] C:\Users\xdred\Documents\Git-ZombieZ\ZombieZ\src\main\java\com\rinaorc\zombiez\managers\EconomyManager.java:[144,35] error: cannot find symbol
  symbol:   method getGems()
  location: variable data of type PlayerData
[ERROR] C:\Users\xdred\Documents\Git-ZombieZ\ZombieZ\src\main\java\com\rinaorc\zombiez\managers\EconomyManager.java:[151,32] error: cannot find symbol
  symbol:   method getPlayerDataManager()
  location: variable plugin of type ZombieZPlugin
[ERROR] C:\Users\xdred\Documents\Git-ZombieZ\ZombieZ\src\main\java\com\rinaorc\zombiez\managers\EconomyManager.java:[152,34] error: cannot find symbol
  symbol:   method getGems()
  location: variable data of type PlayerData
[ERROR] C:\Users\xdred\Documents\Git-ZombieZ\ZombieZ\src\main\java\com\rinaorc\zombiez\managers\EconomyManager.java:[162,32] error: cannot find symbol
  symbol:   method getPlayerDataManager()
  location: variable plugin of type ZombieZPlugin
[ERROR] C:\Users\xdred\Documents\Git-ZombieZ\ZombieZ\src\main\java\com\rinaorc\zombiez\managers\EconomyManager.java:[169,25] error: cannot find symbol
  symbol:   method getZoneManager()
  location: variable plugin of type ZombieZPlugin
[ERROR] C:\Users\xdred\Documents\Git-ZombieZ\ZombieZ\src\main\java\com\rinaorc\zombiez\managers\EconomyManager.java:[178,18] error: cannot find symbol
  symbol:   method getDynamicBossBarManager()
  location: variable plugin of type ZombieZPlugin
[ERROR] C:\Users\xdred\Documents\Git-ZombieZ\ZombieZ\src\main\java\com\rinaorc\zombiez\managers\EconomyManager.java:[179,18] error: cannot find symbol
  symbol:   method getDynamicBossBarManager()
  location: variable plugin of type ZombieZPlugin
[ERROR] C:\Users\xdred\Documents\Git-ZombieZ\ZombieZ\src\main\java\com\rinaorc\zombiez\managers\EconomyManager.java:[194,27] error: cannot find symbol
  symbol:   method getLevel()
  location: variable data of type PlayerData
[INFO] 100 errors 
[INFO] -------------------------------------------------------------
[INFO] ------------------------------------------------------------------------
[INFO] BUILD FAILURE
[INFO] ------------------------------------------------------------------------
[INFO] Total time:  4.540 s
[INFO] Finished at: 2025-12-17T23:25:55+01:00
[INFO] ------------------------------------------------------------------------
[ERROR] Failed to execute goal org.apache.maven.plugins:maven-compiler-plugin:3.13.0:compile (default-compile) on project ZombieZ: Compilation failure: Compilation failure: 
[ERROR] C:\Users\xdred\Documents\Git-ZombieZ\ZombieZ\src\main\java\com\rinaorc\zombiez\pets\abilities\impl\PassiveAbilities.java:[1056] error: duplicate class: com.rinaorc.zombiez.pets.abilities.impl.PowerSlowPassive
[ERROR] C:\Users\xdred\Documents\Git-ZombieZ\ZombieZ\src\main\java\com\rinaorc\zombiez\zones\Zone.java:[198,22] error: cannot find symbol
[ERROR]   symbol:   class ZoneBuilder
[ERROR]   location: class Zone
[ERROR] C:\Users\xdred\Documents\Git-ZombieZ\ZombieZ\src\main\java\com\rinaorc\zombiez\ZombieZPlugin.java:[286,49] error: cannot find symbol
[ERROR]   symbol:   method getPowersConfig()
[ERROR]   location: variable configManager of type ConfigManager
[ERROR] C:\Users\xdred\Documents\Git-ZombieZ\ZombieZ\src\main\java\com\rinaorc\zombiez\ZombieZPlugin.java:[370,52] error: cannot find symbol
[ERROR]   symbol:   method getEventsConfig()
[ERROR]   location: variable configManager of type ConfigManager
[ERROR] C:\Users\xdred\Documents\Git-ZombieZ\ZombieZ\src\main\java\com\rinaorc\zombiez\ZombieZPlugin.java:[484,28] error: cannot find symbol
[ERROR]   symbol:   method getMutationManager()
[ERROR]   location: variable classManager of type ClassManager
[ERROR] C:\Users\xdred\Documents\Git-ZombieZ\ZombieZ\src\main\java\com\rinaorc\zombiez\managers\ZoneManager.java:[111,41] error: cannot find symbol
[ERROR]   symbol:   method getConfigManager()
[ERROR]   location: variable plugin of type ZombieZPlugin
[ERROR] C:\Users\xdred\Documents\Git-ZombieZ\ZombieZ\src\main\java\com\rinaorc\zombiez\managers\ZoneManager.java:[151,24] error: cannot find symbol
[ERROR]   symbol:   method builder()
[ERROR]   location: class Zone
[ERROR] C:\Users\xdred\Documents\Git-ZombieZ\ZombieZ\src\main\java\com\rinaorc\zombiez\managers\ZoneManager.java:[189,26] error: cannot find symbol
[ERROR]   symbol:   method getId()
[ERROR]   location: variable zone of type Zone
[ERROR] C:\Users\xdred\Documents\Git-ZombieZ\ZombieZ\src\main\java\com\rinaorc\zombiez\managers\ZoneManager.java:[190,28] error: cannot find symbol
[ERROR]   symbol:   method getName()
[ERROR]   location: variable zone of type Zone
[ERROR] C:\Users\xdred\Documents\Git-ZombieZ\ZombieZ\src\main\java\com\rinaorc\zombiez\managers\ZoneManager.java:[191,25] error: cannot find symbol
[ERROR]   symbol:   method getMinZ()
[ERROR]   location: variable zone of type Zone
[ERROR] C:\Users\xdred\Documents\Git-ZombieZ\ZombieZ\src\main\java\com\rinaorc\zombiez\managers\ZoneManager.java:[193,16] error: cannot find symbol
[ERROR]   symbol:   method isSafeZone()
[ERROR]   location: variable zone of type Zone
[ERROR] C:\Users\xdred\Documents\Git-ZombieZ\ZombieZ\src\main\java\com\rinaorc\zombiez\managers\ZoneManager.java:[193,37] error: cannot find symbol
[ERROR]   symbol:   method getId()
[ERROR]   location: variable zone of type Zone
[ERROR] C:\Users\xdred\Documents\Git-ZombieZ\ZombieZ\src\main\java\com\rinaorc\zombiez\managers\ZoneManager.java:[303,16] error: cannot find symbol
[ERROR]   symbol:   class ZoneBuilder
[ERROR]   location: class Zone
[ERROR] C:\Users\xdred\Documents\Git-ZombieZ\ZombieZ\src\main\java\com\rinaorc\zombiez\managers\ZoneManager.java:[460,59] error: cannot find symbol
[ERROR]   symbol:   method getId()
[ERROR]   location: variable newZone of type Zone
[ERROR] C:\Users\xdred\Documents\Git-ZombieZ\ZombieZ\src\main\java\com\rinaorc\zombiez\managers\ZoneManager.java:[465,45] error: cannot find symbol
[ERROR]   symbol:   method getId()
[ERROR]   location: variable newZone of type Zone
[ERROR] C:\Users\xdred\Documents\Git-ZombieZ\ZombieZ\src\main\java\com\rinaorc\zombiez\managers\ZoneManager.java:[468,36] error: cannot find symbol
[ERROR]   symbol:   method getPlayerDataManager()
[ERROR]   location: variable plugin of type ZombieZPlugin
[ERROR] C:\Users\xdred\Documents\Git-ZombieZ\ZombieZ\src\main\java\com\rinaorc\zombiez\managers\ZoneManager.java:[470,59] error: cannot find symbol
[ERROR]   symbol:   method getId()
[ERROR]   location: variable newZone of type Zone
[ERROR] C:\Users\xdred\Documents\Git-ZombieZ\ZombieZ\src\main\java\com\rinaorc\zombiez\managers\ZoneManager.java:[471,20] error: cannot find symbol
[ERROR]   symbol:   method setCachedZone(Zone)
[ERROR]   location: variable data of type PlayerData
[ERROR] C:\Users\xdred\Documents\Git-ZombieZ\ZombieZ\src\main\java\com\rinaorc\zombiez\managers\ZoneManager.java:[492,54] error: cannot find symbol
[ERROR]   symbol:   method getId()
[ERROR]   location: variable zone of type Zone
[ERROR] C:\Users\xdred\Documents\Git-ZombieZ\ZombieZ\src\main\java\com\rinaorc\zombiez\managers\ZoneManager.java:[532,44] error: invalid method reference
[ERROR]   cannot find symbol
[ERROR]     symbol:   method getId()
[ERROR]     location: class Zone
[ERROR] C:\Users\xdred\Documents\Git-ZombieZ\ZombieZ\src\main\java\com\rinaorc\zombiez\managers\ZoneManager.java:[566,40] error: cannot find symbol
[ERROR]   symbol:   method getId()
[ERROR]   location: variable zone of type Zone
[ERROR] C:\Users\xdred\Documents\Git-ZombieZ\ZombieZ\src\main\java\com\rinaorc\zombiez\managers\ZoneManager.java:[581,40] error: cannot find symbol
[ERROR]   symbol:   method getId()
[ERROR]   location: variable currentZone of type Zone
[ERROR] C:\Users\xdred\Documents\Git-ZombieZ\ZombieZ\src\main\java\com\rinaorc\zombiez\managers\ZoneManager.java:[588,23] error: cannot find symbol
[ERROR]   symbol:   method getId()
[ERROR]   location: variable currentZone of type Zone
[ERROR] C:\Users\xdred\Documents\Git-ZombieZ\ZombieZ\src\main\java\com\rinaorc\zombiez\managers\ZoneManager.java:[589,40] error: cannot find symbol
[ERROR]   symbol:   method getId()
[ERROR]   location: variable currentZone of type Zone
[ERROR] C:\Users\xdred\Documents\Git-ZombieZ\ZombieZ\src\main\java\com\rinaorc\zombiez\managers\PlayerDataManager.java:[59,24] error: cannot find symbol
[ERROR]   symbol:   method getDatabaseManager()
[ERROR]   location: variable plugin of type ZombieZPlugin
[ERROR] C:\Users\xdred\Documents\Git-ZombieZ\ZombieZ\src\main\java\com\rinaorc\zombiez\managers\PlayerDataManager.java:[96,18] error: cannot find symbol
[ERROR]   symbol:   method setName(String)
[ERROR]   location: variable cached of type PlayerData
[ERROR] C:\Users\xdred\Documents\Git-ZombieZ\ZombieZ\src\main\java\com\rinaorc\zombiez\managers\PlayerDataManager.java:[106,18] error: cannot find symbol
[ERROR]   symbol:   method setName(String)
[ERROR]   location: variable recent of type PlayerData
[ERROR] C:\Users\xdred\Documents\Git-ZombieZ\ZombieZ\src\main\java\com\rinaorc\zombiez\managers\PlayerDataManager.java:[186,12] error: cannot find symbol
[ERROR]   symbol:   method setName(String)
[ERROR]   location: variable data of type PlayerData
[ERROR] C:\Users\xdred\Documents\Git-ZombieZ\ZombieZ\src\main\java\com\rinaorc\zombiez\managers\PlayerDataManager.java:[187,12] error: cannot find symbol
[ERROR]   symbol:   method getLevel()
[ERROR]   location: variable data of type PlayerData
[ERROR] C:\Users\xdred\Documents\Git-ZombieZ\ZombieZ\src\main\java\com\rinaorc\zombiez\managers\PlayerDataManager.java:[188,12] error: cannot find symbol
[ERROR]   symbol:   method getXp()
[ERROR]   location: variable data of type PlayerData
[ERROR] C:\Users\xdred\Documents\Git-ZombieZ\ZombieZ\src\main\java\com\rinaorc\zombiez\managers\PlayerDataManager.java:[189,12] error: cannot find symbol
[ERROR]   symbol:   method getPrestige()
[ERROR]   location: variable data of type PlayerData
[ERROR] C:\Users\xdred\Documents\Git-ZombieZ\ZombieZ\src\main\java\com\rinaorc\zombiez\managers\PlayerDataManager.java:[190,12] error: cannot find symbol
[ERROR]   symbol:   method getPoints()
[ERROR]   location: variable data of type PlayerData
[ERROR] C:\Users\xdred\Documents\Git-ZombieZ\ZombieZ\src\main\java\com\rinaorc\zombiez\managers\PlayerDataManager.java:[191,12] error: cannot find symbol
[ERROR]   symbol:   method getGems()
[ERROR]   location: variable data of type PlayerData
[ERROR] C:\Users\xdred\Documents\Git-ZombieZ\ZombieZ\src\main\java\com\rinaorc\zombiez\managers\PlayerDataManager.java:[192,12] error: cannot find symbol
[ERROR]   symbol:   method getKills()
[ERROR]   location: variable data of type PlayerData
[ERROR] C:\Users\xdred\Documents\Git-ZombieZ\ZombieZ\src\main\java\com\rinaorc\zombiez\managers\PlayerDataManager.java:[193,12] error: cannot find symbol
[ERROR]   symbol:   method getDeaths()
[ERROR]   location: variable data of type PlayerData
[ERROR] C:\Users\xdred\Documents\Git-ZombieZ\ZombieZ\src\main\java\com\rinaorc\zombiez\managers\PlayerDataManager.java:[194,12] error: cannot find symbol
[ERROR]   symbol:   method getPlaytime()
[ERROR]   location: variable data of type PlayerData
[ERROR] C:\Users\xdred\Documents\Git-ZombieZ\ZombieZ\src\main\java\com\rinaorc\zombiez\managers\PlayerDataManager.java:[195,12] error: cannot find symbol
[ERROR]   symbol:   method getCurrentZone()
[ERROR]   location: variable data of type PlayerData
[ERROR] C:\Users\xdred\Documents\Git-ZombieZ\ZombieZ\src\main\java\com\rinaorc\zombiez\managers\PlayerDataManager.java:[196,12] error: cannot find symbol
[ERROR]   symbol:   method getMaxZone()
[ERROR]   location: variable data of type PlayerData
[ERROR] C:\Users\xdred\Documents\Git-ZombieZ\ZombieZ\src\main\java\com\rinaorc\zombiez\managers\PlayerDataManager.java:[197,12] error: cannot find symbol
[ERROR]   symbol:   method getCurrentCheckpoint()
[ERROR]   location: variable data of type PlayerData
[ERROR] C:\Users\xdred\Documents\Git-ZombieZ\ZombieZ\src\main\java\com\rinaorc\zombiez\managers\PlayerDataManager.java:[198,12] error: cannot find symbol
[ERROR]   symbol:   method setVipRank(String)
[ERROR]   location: variable data of type PlayerData
[ERROR] C:\Users\xdred\Documents\Git-ZombieZ\ZombieZ\src\main\java\com\rinaorc\zombiez\managers\PlayerDataManager.java:[202,16] error: cannot find symbol
[ERROR]   symbol:   method setVipExpiry(Instant)
[ERROR]   location: variable data of type PlayerData
[ERROR] C:\Users\xdred\Documents\Git-ZombieZ\ZombieZ\src\main\java\com\rinaorc\zombiez\managers\PlayerDataManager.java:[207,16] error: cannot find symbol
[ERROR]   symbol:   method setFirstJoin(Instant)
[ERROR]   location: variable data of type PlayerData
[ERROR] C:\Users\xdred\Documents\Git-ZombieZ\ZombieZ\src\main\java\com\rinaorc\zombiez\managers\PlayerDataManager.java:[210,12] error: cannot find symbol
[ERROR]   symbol:   method setLastLogin(Instant)
[ERROR]   location: variable data of type PlayerData
[ERROR] C:\Users\xdred\Documents\Git-ZombieZ\ZombieZ\src\main\java\com\rinaorc\zombiez\managers\PlayerDataManager.java:[229,34] error: cannot find symbol
[ERROR]   symbol:   method getUuid()
[ERROR]   location: variable data of type PlayerData
[ERROR] C:\Users\xdred\Documents\Git-ZombieZ\ZombieZ\src\main\java\com\rinaorc\zombiez\managers\PlayerDataManager.java:[230,34] error: cannot find symbol
[ERROR]   symbol:   method getName()
[ERROR]   location: variable data of type PlayerData
[ERROR] C:\Users\xdred\Documents\Git-ZombieZ\ZombieZ\src\main\java\com\rinaorc\zombiez\managers\PlayerDataManager.java:[231,31] error: cannot find symbol
[ERROR]   symbol:   method getLevel()
[ERROR]   location: variable data of type PlayerData
[ERROR] C:\Users\xdred\Documents\Git-ZombieZ\ZombieZ\src\main\java\com\rinaorc\zombiez\managers\PlayerDataManager.java:[232,32] error: cannot find symbol
[ERROR]   symbol:   method getXp()
[ERROR]   location: variable data of type PlayerData
[ERROR] C:\Users\xdred\Documents\Git-ZombieZ\ZombieZ\src\main\java\com\rinaorc\zombiez\managers\PlayerDataManager.java:[233,31] error: cannot find symbol
[ERROR]   symbol:   method getPrestige()
[ERROR]   location: variable data of type PlayerData
[ERROR] C:\Users\xdred\Documents\Git-ZombieZ\ZombieZ\src\main\java\com\rinaorc\zombiez\managers\PlayerDataManager.java:[234,32] error: cannot find symbol
[ERROR]   symbol:   method getPoints()
[ERROR]   location: variable data of type PlayerData
[ERROR] C:\Users\xdred\Documents\Git-ZombieZ\ZombieZ\src\main\java\com\rinaorc\zombiez\managers\PlayerDataManager.java:[235,31] error: cannot find symbol
[ERROR]   symbol:   method getGems()
[ERROR]   location: variable data of type PlayerData
[ERROR] C:\Users\xdred\Documents\Git-ZombieZ\ZombieZ\src\main\java\com\rinaorc\zombiez\managers\PlayerDataManager.java:[236,32] error: cannot find symbol
[ERROR]   symbol:   method getKills()
[ERROR]   location: variable data of type PlayerData
[ERROR] C:\Users\xdred\Documents\Git-ZombieZ\ZombieZ\src\main\java\com\rinaorc\zombiez\managers\PlayerDataManager.java:[237,32] error: cannot find symbol
[ERROR]   symbol:   method getDeaths()
[ERROR]   location: variable data of type PlayerData
[ERROR] C:\Users\xdred\Documents\Git-ZombieZ\ZombieZ\src\main\java\com\rinaorc\zombiez\managers\PlayerDataManager.java:[238,33] error: cannot find symbol
[ERROR]   symbol:   method getPlaytime()
[ERROR]   location: variable data of type PlayerData
[ERROR] C:\Users\xdred\Documents\Git-ZombieZ\ZombieZ\src\main\java\com\rinaorc\zombiez\managers\PlayerDataManager.java:[239,32] error: cannot find symbol
[ERROR]   symbol:   method getCurrentZone()
[ERROR]   location: variable data of type PlayerData
[ERROR] C:\Users\xdred\Documents\Git-ZombieZ\ZombieZ\src\main\java\com\rinaorc\zombiez\managers\PlayerDataManager.java:[240,32] error: cannot find symbol
[ERROR]   symbol:   method getMaxZone()
[ERROR]   location: variable data of type PlayerData
[ERROR] C:\Users\xdred\Documents\Git-ZombieZ\ZombieZ\src\main\java\com\rinaorc\zombiez\managers\PlayerDataManager.java:[241,32] error: cannot find symbol
[ERROR]   symbol:   method getCurrentCheckpoint()
[ERROR]   location: variable data of type PlayerData
[ERROR] C:\Users\xdred\Documents\Git-ZombieZ\ZombieZ\src\main\java\com\rinaorc\zombiez\managers\PlayerDataManager.java:[242,35] error: cannot find symbol
[ERROR]   symbol:   method getVipRank()
[ERROR]   location: variable data of type PlayerData
[ERROR] C:\Users\xdred\Documents\Git-ZombieZ\ZombieZ\src\main\java\com\rinaorc\zombiez\managers\PlayerDataManager.java:[243,53] error: cannot find symbol
[ERROR]   symbol:   method getFirstJoin()
[ERROR]   location: variable data of type PlayerData
[ERROR] C:\Users\xdred\Documents\Git-ZombieZ\ZombieZ\src\main\java\com\rinaorc\zombiez\managers\PlayerDataManager.java:[249,65] error: cannot find symbol
[ERROR]   symbol:   method getName()
[ERROR]   location: variable data of type PlayerData
[ERROR] C:\Users\xdred\Documents\Git-ZombieZ\ZombieZ\src\main\java\com\rinaorc\zombiez\managers\PlayerDataManager.java:[310,24] error: cannot find symbol
[ERROR]   symbol:   method getUuid()
[ERROR]   location: variable data of type PlayerData
[ERROR] C:\Users\xdred\Documents\Git-ZombieZ\ZombieZ\src\main\java\com\rinaorc\zombiez\managers\PlayerDataManager.java:[353,38] error: cannot find symbol
[ERROR]   symbol:   method getName()
[ERROR]   location: variable data of type PlayerData
[ERROR] C:\Users\xdred\Documents\Git-ZombieZ\ZombieZ\src\main\java\com\rinaorc\zombiez\managers\PlayerDataManager.java:[354,35] error: cannot find symbol
[ERROR]   symbol:   method getLevel()
[ERROR]   location: variable data of type PlayerData
[ERROR] C:\Users\xdred\Documents\Git-ZombieZ\ZombieZ\src\main\java\com\rinaorc\zombiez\managers\PlayerDataManager.java:[355,36] error: cannot find symbol
[ERROR]   symbol:   method getXp()
[ERROR]   location: variable data of type PlayerData
[ERROR] C:\Users\xdred\Documents\Git-ZombieZ\ZombieZ\src\main\java\com\rinaorc\zombiez\managers\PlayerDataManager.java:[356,35] error: cannot find symbol
[ERROR]   symbol:   method getPrestige()
[ERROR]   location: variable data of type PlayerData
[ERROR] C:\Users\xdred\Documents\Git-ZombieZ\ZombieZ\src\main\java\com\rinaorc\zombiez\managers\PlayerDataManager.java:[357,36] error: cannot find symbol
[ERROR]   symbol:   method getPoints()
[ERROR]   location: variable data of type PlayerData
[ERROR] C:\Users\xdred\Documents\Git-ZombieZ\ZombieZ\src\main\java\com\rinaorc\zombiez\managers\PlayerDataManager.java:[358,35] error: cannot find symbol
[ERROR]   symbol:   method getGems()
[ERROR]   location: variable data of type PlayerData
[ERROR] C:\Users\xdred\Documents\Git-ZombieZ\ZombieZ\src\main\java\com\rinaorc\zombiez\managers\PlayerDataManager.java:[359,36] error: cannot find symbol
[ERROR]   symbol:   method getKills()
[ERROR]   location: variable data of type PlayerData
[ERROR] C:\Users\xdred\Documents\Git-ZombieZ\ZombieZ\src\main\java\com\rinaorc\zombiez\managers\PlayerDataManager.java:[360,36] error: cannot find symbol
[ERROR]   symbol:   method getDeaths()
[ERROR]   location: variable data of type PlayerData
[ERROR] C:\Users\xdred\Documents\Git-ZombieZ\ZombieZ\src\main\java\com\rinaorc\zombiez\managers\PlayerDataManager.java:[361,36] error: cannot find symbol
[ERROR]   symbol:   method getPlaytime()
[ERROR]   location: variable data of type PlayerData
[ERROR] C:\Users\xdred\Documents\Git-ZombieZ\ZombieZ\src\main\java\com\rinaorc\zombiez\managers\PlayerDataManager.java:[362,36] error: cannot find symbol
[ERROR]   symbol:   method getCurrentZone()
[ERROR]   location: variable data of type PlayerData
[ERROR] C:\Users\xdred\Documents\Git-ZombieZ\ZombieZ\src\main\java\com\rinaorc\zombiez\managers\PlayerDataManager.java:[363,36] error: cannot find symbol
[ERROR]   symbol:   method getMaxZone()
[ERROR]   location: variable data of type PlayerData
[ERROR] C:\Users\xdred\Documents\Git-ZombieZ\ZombieZ\src\main\java\com\rinaorc\zombiez\managers\PlayerDataManager.java:[364,36] error: cannot find symbol
[ERROR]   symbol:   method getCurrentCheckpoint()
[ERROR]   location: variable data of type PlayerData
[ERROR] C:\Users\xdred\Documents\Git-ZombieZ\ZombieZ\src\main\java\com\rinaorc\zombiez\managers\PlayerDataManager.java:[365,39] error: cannot find symbol
[ERROR]   symbol:   method getVipRank()
[ERROR]   location: variable data of type PlayerData
[ERROR] C:\Users\xdred\Documents\Git-ZombieZ\ZombieZ\src\main\java\com\rinaorc\zombiez\managers\PlayerDataManager.java:[366,42] error: cannot find symbol
[ERROR]   symbol:   method getVipExpiry()
[ERROR]   location: variable data of type PlayerData
[ERROR] C:\Users\xdred\Documents\Git-ZombieZ\ZombieZ\src\main\java\com\rinaorc\zombiez\managers\PlayerDataManager.java:[367,39] error: cannot find symbol
[ERROR]   symbol:   method getVipExpiry()
[ERROR]   location: variable data of type PlayerData
[ERROR] C:\Users\xdred\Documents\Git-ZombieZ\ZombieZ\src\main\java\com\rinaorc\zombiez\managers\PlayerDataManager.java:[368,42] error: cannot find symbol
[ERROR]   symbol:   method getLastLogin()
[ERROR]   location: variable data of type PlayerData
[ERROR] C:\Users\xdred\Documents\Git-ZombieZ\ZombieZ\src\main\java\com\rinaorc\zombiez\managers\PlayerDataManager.java:[369,39] error: cannot find symbol
[ERROR]   symbol:   method getLastLogin()
[ERROR]   location: variable data of type PlayerData
[ERROR] C:\Users\xdred\Documents\Git-ZombieZ\ZombieZ\src\main\java\com\rinaorc\zombiez\managers\PlayerDataManager.java:[370,42] error: cannot find symbol
[ERROR]   symbol:   method getLastLogout()
[ERROR]   location: variable data of type PlayerData
[ERROR] C:\Users\xdred\Documents\Git-ZombieZ\ZombieZ\src\main\java\com\rinaorc\zombiez\managers\PlayerDataManager.java:[371,39] error: cannot find symbol
[ERROR]   symbol:   method getLastLogout()
[ERROR]   location: variable data of type PlayerData
[ERROR] C:\Users\xdred\Documents\Git-ZombieZ\ZombieZ\src\main\java\com\rinaorc\zombiez\managers\PlayerDataManager.java:[372,39] error: cannot find symbol
[ERROR]   symbol:   method getUuid()
[ERROR]   location: variable data of type PlayerData
[ERROR] C:\Users\xdred\Documents\Git-ZombieZ\ZombieZ\src\main\java\com\rinaorc\zombiez\managers\PlayerDataManager.java:[377,73] error: cannot find symbol
[ERROR]   symbol:   method getUuid()
[ERROR]   location: variable data of type PlayerData
[ERROR] C:\Users\xdred\Documents\Git-ZombieZ\ZombieZ\src\main\java\com\rinaorc\zombiez\managers\PlayerDataManager.java:[417,22] error: cannot find symbol
[ERROR]   symbol:   method getConfigManager()
[ERROR]   location: variable plugin of type ZombieZPlugin
[ERROR] C:\Users\xdred\Documents\Git-ZombieZ\ZombieZ\src\main\java\com\rinaorc\zombiez\managers\EconomyManager.java:[38,27] error: cannot find symbol
[ERROR]   symbol:   method getConfigManager()
[ERROR]   location: variable plugin of type ZombieZPlugin
[ERROR] C:\Users\xdred\Documents\Git-ZombieZ\ZombieZ\src\main\java\com\rinaorc\zombiez\managers\EconomyManager.java:[52,32] error: cannot find symbol
[ERROR]   symbol:   method getPlayerDataManager()
[ERROR]   location: variable plugin of type ZombieZPlugin
[ERROR] C:\Users\xdred\Documents\Git-ZombieZ\ZombieZ\src\main\java\com\rinaorc\zombiez\managers\EconomyManager.java:[59,25] error: cannot find symbol
[ERROR]   symbol:   method getZoneManager()
[ERROR]   location: variable plugin of type ZombieZPlugin
[ERROR] C:\Users\xdred\Documents\Git-ZombieZ\ZombieZ\src\main\java\com\rinaorc\zombiez\managers\EconomyManager.java:[78,32] error: cannot find symbol
[ERROR]   symbol:   method getPlayerDataManager()
[ERROR]   location: variable plugin of type ZombieZPlugin
[ERROR] C:\Users\xdred\Documents\Git-ZombieZ\ZombieZ\src\main\java\com\rinaorc\zombiez\managers\EconomyManager.java:[94,32] error: cannot find symbol
[ERROR]   symbol:   method getPlayerDataManager()
[ERROR]   location: variable plugin of type ZombieZPlugin
[ERROR] C:\Users\xdred\Documents\Git-ZombieZ\ZombieZ\src\main\java\com\rinaorc\zombiez\managers\EconomyManager.java:[102,32] error: cannot find symbol
[ERROR]   symbol:   method getPlayerDataManager()
[ERROR]   location: variable plugin of type ZombieZPlugin
[ERROR] C:\Users\xdred\Documents\Git-ZombieZ\ZombieZ\src\main\java\com\rinaorc\zombiez\managers\EconomyManager.java:[103,34] error: cannot find symbol
[ERROR]   symbol:   method getPoints()
[ERROR]   location: variable data of type PlayerData
[ERROR] C:\Users\xdred\Documents\Git-ZombieZ\ZombieZ\src\main\java\com\rinaorc\zombiez\managers\EconomyManager.java:[112,32] error: cannot find symbol
[ERROR]   symbol:   method getPlayerDataManager()
[ERROR]   location: variable plugin of type ZombieZPlugin
[ERROR] C:\Users\xdred\Documents\Git-ZombieZ\ZombieZ\src\main\java\com\rinaorc\zombiez\managers\EconomyManager.java:[127,32] error: cannot find symbol
[ERROR]   symbol:   method getPlayerDataManager()
[ERROR]   location: variable plugin of type ZombieZPlugin
[ERROR] C:\Users\xdred\Documents\Git-ZombieZ\ZombieZ\src\main\java\com\rinaorc\zombiez\managers\EconomyManager.java:[143,32] error: cannot find symbol
[ERROR]   symbol:   method getPlayerDataManager()
[ERROR]   location: variable plugin of type ZombieZPlugin
[ERROR] C:\Users\xdred\Documents\Git-ZombieZ\ZombieZ\src\main\java\com\rinaorc\zombiez\managers\EconomyManager.java:[144,35] error: cannot find symbol
[ERROR]   symbol:   method getGems()
[ERROR]   location: variable data of type PlayerData
[ERROR] C:\Users\xdred\Documents\Git-ZombieZ\ZombieZ\src\main\java\com\rinaorc\zombiez\managers\EconomyManager.java:[151,32] error: cannot find symbol
[ERROR]   symbol:   method getPlayerDataManager()
[ERROR]   location: variable plugin of type ZombieZPlugin
[ERROR] C:\Users\xdred\Documents\Git-ZombieZ\ZombieZ\src\main\java\com\rinaorc\zombiez\managers\EconomyManager.java:[152,34] error: cannot find symbol
[ERROR]   symbol:   method getGems()
[ERROR]   location: variable data of type PlayerData
[ERROR] C:\Users\xdred\Documents\Git-ZombieZ\ZombieZ\src\main\java\com\rinaorc\zombiez\managers\EconomyManager.java:[162,32] error: cannot find symbol
[ERROR]   symbol:   method getPlayerDataManager()
[ERROR]   location: variable plugin of type ZombieZPlugin
[ERROR] C:\Users\xdred\Documents\Git-ZombieZ\ZombieZ\src\main\java\com\rinaorc\zombiez\managers\EconomyManager.java:[169,25] error: cannot find symbol
[ERROR]   symbol:   method getZoneManager()
[ERROR]   location: variable plugin of type ZombieZPlugin
[ERROR] C:\Users\xdred\Documents\Git-ZombieZ\ZombieZ\src\main\java\com\rinaorc\zombiez\managers\EconomyManager.java:[178,18] error: cannot find symbol
[ERROR]   symbol:   method getDynamicBossBarManager()
[ERROR]   location: variable plugin of type ZombieZPlugin
[ERROR] C:\Users\xdred\Documents\Git-ZombieZ\ZombieZ\src\main\java\com\rinaorc\zombiez\managers\EconomyManager.java:[179,18] error: cannot find symbol
[ERROR]   symbol:   method getDynamicBossBarManager()
[ERROR]   location: variable plugin of type ZombieZPlugin
[ERROR] C:\Users\xdred\Documents\Git-ZombieZ\ZombieZ\src\main\java\com\rinaorc\zombiez\managers\EconomyManager.java:[194,27] error: cannot find symbol
[ERROR]   symbol:   method getLevel()
[ERROR]   location: variable data of type PlayerData
[ERROR] -> [Help 1]
[ERROR] 
[ERROR] To see the full stack trace of the errors, re-run Maven with the -e switch.
[ERROR] Re-run Maven using the -X switch to enable full debug logging.
[ERROR] 
[ERROR] For more information about the errors and possible solutions, please read the following articles:
[ERROR] [Help 1] http://cwiki.apache.org/confluence/display/MAVEN/MojoFailureException
